1kxun
48
accuweather
activision
adobeconnect
akamai
alibaba
amazon
amazon_aws
amazon_aws_api_gateway
amazonalexa
amazonaws
amazonvideo
anydesk
apple
apple_push
appleicloud
appleitunes
applepush
applesiri
applestore
appletvplus
avast
aws_api_gateway
aws_cloudfront
aws_dynamodb
aws_ec2
aws_kinesis
aws_s3
azure
badoo
bittorrent
blacknut
blizzard
bloomberg
bluesky
boosteroid
cachefly
cactusvpn
canonical
citrix
clickhouse
cloudflare
cloudflare_warp
cloudflarewarp
cnn
cod_mobile
crashlytics
cybersec
dailymotion
datasaver
dazn
deezer
digitalocean
dingtalk
directv
discord
disneyplus
dnscrypt
dofus
doh_dot
dota2
dropbox
eaq
ebay
edgecast
electronicarts
epicgames
espn
ethereum
facebook
facebookmessenger
fbookreelstory
fuze
gaijinentertainment
gearup_booster
geforcenow
github
gitlab
gmail
google
google_cloud
googlechat
googleclassroom
googlecloud
googledocs
googledrive
googlemaps
googlemeet
googleservices
goto
hamachi
hbo
hotspotshield
huawei
huaweicloud
hulu
icloudprivaterelay
iflix
iheartradio
imo
instagram
iqiyi
irc
kakaotalk
kick
lagofast
lastfm
libp2p
likee
line
linkedin
livestream
mastodon
microsoft
microsoft365
microsoft_365
microsoft_azure
mozilla
ms_one_drive
ms_outlook
msteams
mullvad
mumble
naver
neteasegames
netflix
nexon
nintendo
nordvpn
ntop
nvidia
ocs
ocsp
ookla
opendns
operavpn
outlook
paltalk
pandora
paramountplus
pastebin
pathofexile
pinterest
playstation
playstore
pluralsight
privateinternetaccess
protonvpn
psiphon
qq
reddit
riotgames
roblox
rockstargames
rumble
rutube
salesforce
shein
showtime
signal
sina
sinaweibo
siriusxmradio
slack
snapchat
softether
sonos
soundcloud
spotify
steam
surfshark
syncthing
tailscale
taobao
teams
teamviewer
telegram
temu
tencent
tencentvideo
tes_online
teslaservices
threads
threema
tidal
tiktok
tor
tumblr
tunein
tunnelbear
twitch
twitter
ubiquity
viber
vimeo
vivox
vk
vudu
waze
webex
wechat
whatsapp
whatsappfiles
wikipedia
windowsupdate
windscribe
worldofwarcraft
xbox
xiaomi
yahoo
yandex
yandex_cloud
yandexalice
yandexcloud
yandexdirect
yandexdisk
yandexmail
yandexmarket
yandexmetrika
yandexmusic
youtube
youtubekids
youtubeupload
zoom
