1kxun
accuweather
activision
ads_analytic_track
adultcontent
alibaba
amazon
amazonalexa
amazonaws
amazonvideo
anydesk
apple
appleicloud
appleitunes
applepush
applesiri
applestore
appletvplus
azure
badoo
bittorrent
bloomberg
cachefly
cloudflare
cloudflarewarp
cnn
crashlytics
cybersec
dailymotion
datasaver
dazn
deezer
directv
discord
disneyplus
dnscrypt
doh_dot
dropbox
eaq
ebay
facebook
fbookreelstory
fuze
github
gitlab
gmail
google
googleclassroom
googlecloud
googledocs
googledrive
googlehangout
googlemaps
googleplus
googleservices
goto
hbo
hotspotshield
hulu
icloudprivaterelay
iflix
iheartradio
instagram
kakaotalk
lastfm
likee
line
linkedin
livestream
messenger
microsoft
microsoft365
ms_onedrive
netflix
nintendo
ntop
ocs
ocsp
ookla
opendns
outlook
pandora
pastebin
pinterest
playstation
playstore
pluralsight
ppstream
psiphon
qq
reddit
riotgames
salesforce
showtime
signal
sina
sina(weibo)
siriusxmradio
skype_teams
slack
snapchat
softether
soundcloud
spotify
steam
syncthing
tailscale
teams
teamviewer
telegram
tencentvideo
tidal
tiktok
tor
tuenti
tumblr
tunein
tunnelbear
twitch
twitter
ubuntuone
vevo
viber
vidto
vimeo
vk
vudu
waze
webex
wechat
whatsapp
whatsappfiles
wikipedia
windowsupdate
worldofwarcraft
xbox
xiaomi
yahoo
yandex
yandexcloud
yandexdirect
yandexdisk
yandexmail
yandexmarket
yandexmetrika
yandexmusic
youtube
youtubeupload
zattoo
zoom