1kxun
accuweather
activision
adobeconnect
ads_analytic_track
adultcontent
alibaba
amazon
amazonalexa
amazon_aws
amazonaws
amazonvideo
anydesk
apple
appleicloud
appleitunes
applepush
applesiri
applestore
appletvplus
avast
azure
badoo
bittorrent
bloomberg
bluesky
cachefly
cactusvpn
clickhouse
cloudflare
cloudflare_warp
cloudflarewarp
cnn
cod_mobile
crashlytics
cybersec
dailymotion
datasaver
dazn
deezer
dingtalk
directv
discord
disneyplus
dnscrypt
doh_dot
dota2
dropbox
eaq
ebay
edgecast
electronicarts
epicgames
ethereum
facebook
facebookmessenger
fbookreelstory
fuze
gaijinentertainment
geforcenow
github
gitlab
gmail
google
googlechat
googleclassroom
google_cloud
googlecloud
googledocs
googledrive
googlemaps
googlemeet
googleservices
goto
hbo
hotspotshield
huawei
huaweicloud
hulu
icloudprivaterelay
iflix
iheartradio
instagram
iqiyi
irc
kakaotalk
lastfm
likee
line
linkedin
livestream
mastodon
microsoft
microsoft_365
microsoft365
microsoft_azure
ms_one_drive
ms_onedrive
ms_outlook
mullvad
mumble
neteasegames
netflix
nintendo
nordvpn
ntop
nvidia
ocs
ocsp
ookla
opendns
operavpn
outlook
pandora
pastebin
pathofexile
pinterest
playstation
playstore
pluralsight
privateinternetaccess
protonvpn
psiphon
qq
reddit
riotgames
roblox
salesforce
showtime
signal
sina
sinaweibo
siriusxmradio
skype_teams
slack
snapchat
softether
sonos
soundcloud
spotify
starcraft
steam
surfshark
syncthing
tailscale
teams
teamviewer
telegram
tencent
tencentvideo
teslaservices
tes_online
threads
threema
tidal
tiktok
tor
tumblr
tunein
tunnelbear
twitch
twitter
ubuntuone
viber
vimeo
vk
vudu
waze
webex
wechat
whatsapp
whatsappfiles
wikipedia
windowsupdate
windscribe
worldofwarcraft
xbox
xiaomi
yahoo
yandex
yandex_cloud
yandexcloud
yandexdirect
yandexdisk
yandexmail
yandexmarket
yandexmetrika
yandexmusic
youtube
youtubeupload
zattoo
zoom
